S1/none: cues PRISM=4.74 all=10.94 cover=0.85 [55s]
S1/night: cues PRISM=4.52 all=10.54 cover=0.88 [113s]
S1/fog: cues PRISM=4.41 all=10.74 cover=0.56 [155s]
S1/rain: cues PRISM=4.43 all=10.09 cover=0.80 [201s]
S2/none: cues PRISM=2.73 all=8.87 cover=0.98 [231s]
S2/night: cues PRISM=3.23 all=8.60 cover=0.98 [266s]
S2/fog: cues PRISM=2.48 all=8.26 cover=0.98 [292s]
S2/rain: cues PRISM=2.68 all=8.08 cover=0.98 [319s]
S3/none: cues PRISM=3.20 all=10.83 cover=1.00 [348s]
S3/night: cues PRISM=2.11 all=9.33 cover=0.95 [383s]
S3/fog: cues PRISM=3.34 all=10.78 cover=1.00 [410s]
S3/rain: cues PRISM=2.83 all=10.34 cover=0.82 [439s]
S4/none: cues PRISM=1.19 all=4.97 cover=0.96 [468s]
S4/night: cues PRISM=0.97 all=3.17 cover=0.98 [502s]
S4/fog: cues PRISM=0.99 all=4.94 cover=0.98 [530s]
S4/rain: cues PRISM=0.68 all=2.30 cover=0.98 [558s]
S5/none: cues PRISM=0.83 all=7.78 cover=0.84 [596s]
S5/night: cues PRISM=0.88 all=5.77 cover=0.95 [644s]
S5/fog: cues PRISM=0.86 all=5.22 cover=0.96 [681s]
S5/rain: cues PRISM=0.86 all=7.06 cover=0.92 [721s]
S6/none: cues PRISM=1.06 all=3.64 cover=0.83 [760s]
S6/night: cues PRISM=0.97 all=4.23 cover=0.83 [809s]
S6/fog: cues PRISM=1.39 all=2.59 cover=0.87 [846s]
S6/rain: cues PRISM=0.93 all=2.31 cover=0.83 [886s]
S7/none: cues PRISM=1.56 all=5.14 cover=0.64 [930s]
S7/night: cues PRISM=1.46 all=5.38 cover=0.39 [980s]
S7/fog: cues PRISM=1.10 all=5.68 cover=0.49 [1018s]
S7/rain: cues PRISM=1.02 all=5.79 cover=0.17 [1059s]
S8/none: cues PRISM=1.08 all=10.03 cover=0.40 [1104s]
S8/night: cues PRISM=1.43 all=8.09 cover=0.35 [1155s]
S8/fog: cues PRISM=1.14 all=8.07 cover=0.41 [1195s]
S8/rain: cues PRISM=0.84 all=8.46 cover=0.35 [1236s]
total 1236 s
