K=2   r_on=0.08  cues=1.89 ink=0.55%  cov=0.590 flick=6.48
K=2   r_on=0.12  cues=1.88 ink=0.55%  cov=0.604 flick=5.95
K=2   r_on=0.16  cues=1.65 ink=0.54%  cov=0.652 flick=5.15
K=2   r_on=0.20  cues=1.42 ink=0.52%  cov=0.714 flick=3.38
K=2   r_on=0.24  cues=1.34 ink=0.52%  cov=0.736 flick=2.88
K=2   r_on=0.28  cues=1.13 ink=0.63%  cov=0.833 flick=2.51
K=2   r_on=0.34  cues=0.55 ink=0.39%  cov=0.581 flick=1.49
K=2   r_on=0.42  cues=0.32 ink=0.28%  cov=0.370 flick=0.99
K=2   r_on=0.50  cues=0.15 ink=0.19%  cov=0.238 flick=0.40
K=3   r_on=0.08  cues=2.73 ink=0.80%  cov=0.621 flick=9.18
K=3   r_on=0.12  cues=2.52 ink=0.81%  cov=0.718 flick=7.84
K=3   r_on=0.16  cues=2.29 ink=0.84%  cov=0.850 flick=6.33
K=3   r_on=0.20  cues=1.83 ink=0.79%  cov=0.925 flick=4.28
K=3   r_on=0.24  cues=1.70 ink=0.76%  cov=0.890 flick=3.72
K=3   r_on=0.28  cues=1.27 ink=0.73%  cov=0.837 flick=3.10
K=3   r_on=0.34  cues=0.60 ink=0.44%  cov=0.590 flick=1.46
K=3   r_on=0.42  cues=0.33 ink=0.30%  cov=0.379 flick=0.93
K=3   r_on=0.50  cues=0.17 ink=0.21%  cov=0.238 flick=0.53
K=4   r_on=0.08  cues=3.43 ink=1.06%  cov=0.850 flick=10.54
K=4   r_on=0.12  cues=3.08 ink=1.06%  cov=0.868 flick=8.16
K=4   r_on=0.16  cues=2.67 ink=1.03%  cov=0.938 flick=6.36
K=4   r_on=0.20  cues=2.05 ink=0.90%  cov=0.947 flick=4.50
K=4   r_on=0.24  cues=1.88 ink=0.88%  cov=0.930 flick=3.75
K=4   r_on=0.28  cues=1.39 ink=0.82%  cov=0.846 flick=2.95
K=4   r_on=0.34  cues=0.60 ink=0.44%  cov=0.590 flick=1.46
K=4   r_on=0.42  cues=0.33 ink=0.30%  cov=0.379 flick=0.93
K=4   r_on=0.50  cues=0.17 ink=0.21%  cov=0.238 flick=0.53
K=5   r_on=0.08  cues=4.04 ink=1.25%  cov=0.881 flick=11.41
K=5   r_on=0.12  cues=3.51 ink=1.21%  cov=0.885 flick=8.31
K=5   r_on=0.16  cues=2.94 ink=1.15%  cov=0.956 flick=6.73
K=5   r_on=0.20  cues=2.21 ink=1.01%  cov=0.956 flick=4.34
K=5   r_on=0.24  cues=2.00 ink=0.97%  cov=0.938 flick=3.57
K=5   r_on=0.28  cues=1.47 ink=0.88%  cov=0.846 flick=2.57
K=5   r_on=0.34  cues=0.60 ink=0.44%  cov=0.590 flick=1.46
K=5   r_on=0.42  cues=0.33 ink=0.30%  cov=0.379 flick=0.93
K=5   r_on=0.50  cues=0.17 ink=0.21%  cov=0.238 flick=0.53
K=6   r_on=0.08  cues=4.57 ink=1.47%  cov=0.952 flick=12.12
K=6   r_on=0.12  cues=3.75 ink=1.33%  cov=0.952 flick=8.59
K=6   r_on=0.16  cues=3.07 ink=1.20%  cov=0.960 flick=6.67
K=6   r_on=0.20  cues=2.26 ink=1.04%  cov=0.956 flick=4.40
K=6   r_on=0.24  cues=2.04 ink=1.00%  cov=0.938 flick=3.57
K=6   r_on=0.28  cues=1.48 ink=0.88%  cov=0.846 flick=2.51
K=6   r_on=0.34  cues=0.60 ink=0.44%  cov=0.590 flick=1.46
K=6   r_on=0.42  cues=0.33 ink=0.30%  cov=0.379 flick=0.93
K=6   r_on=0.50  cues=0.17 ink=0.21%  cov=0.238 flick=0.53
K=8   r_on=0.08  cues=5.14 ink=1.66%  cov=0.982 flick=11.81
K=8   r_on=0.12  cues=3.91 ink=1.40%  cov=0.978 flick=8.16
K=8   r_on=0.16  cues=3.14 ink=1.24%  cov=0.965 flick=6.54
K=8   r_on=0.20  cues=2.27 ink=1.05%  cov=0.956 flick=4.09
K=8   r_on=0.24  cues=2.04 ink=1.00%  cov=0.938 flick=3.38
K=8   r_on=0.28  cues=1.48 ink=0.88%  cov=0.846 flick=2.51
K=8   r_on=0.34  cues=0.60 ink=0.44%  cov=0.590 flick=1.46
K=8   r_on=0.42  cues=0.33 ink=0.30%  cov=0.379 flick=0.93
K=8   r_on=0.50  cues=0.17 ink=0.21%  cov=0.238 flick=0.53
K=12  r_on=0.08  cues=5.22 ink=1.69%  cov=0.987 flick=11.57
K=12  r_on=0.12  cues=3.93 ink=1.41%  cov=0.982 flick=8.03
K=12  r_on=0.16  cues=3.14 ink=1.24%  cov=0.965 flick=6.42
K=12  r_on=0.20  cues=2.27 ink=1.05%  cov=0.956 flick=4.09
K=12  r_on=0.24  cues=2.04 ink=1.00%  cov=0.938 flick=3.38
K=12  r_on=0.28  cues=1.48 ink=0.88%  cov=0.846 flick=2.51
K=12  r_on=0.34  cues=0.60 ink=0.44%  cov=0.590 flick=1.46
K=12  r_on=0.42  cues=0.33 ink=0.30%  cov=0.379 flick=0.93
K=12  r_on=0.50  cues=0.17 ink=0.21%  cov=0.238 flick=0.53
K=99  r_on=0.08  cues=5.22 ink=1.69%  cov=0.987 flick=11.57
K=99  r_on=0.12  cues=3.93 ink=1.41%  cov=0.982 flick=8.03
K=99  r_on=0.16  cues=3.14 ink=1.24%  cov=0.965 flick=6.42
K=99  r_on=0.20  cues=2.27 ink=1.05%  cov=0.956 flick=4.09
K=99  r_on=0.24  cues=2.04 ink=1.00%  cov=0.938 flick=3.38
K=99  r_on=0.28  cues=1.48 ink=0.88%  cov=0.846 flick=2.51
K=99  r_on=0.34  cues=0.60 ink=0.44%  cov=0.590 flick=1.46
K=99  r_on=0.42  cues=0.33 ink=0.30%  cov=0.379 flick=0.93
K=99  r_on=0.50  cues=0.17 ink=0.21%  cov=0.238 flick=0.53
full policy {'cues': 2.0, 'ink_pct': 0.972, 'coverage': 0.938, 'flicker_per_s': 3.566, 'search_time_s': 0.464}
without hysteresis {'cues': 1.654, 'ink_pct': 0.914, 'coverage': 0.767, 'flicker_per_s': 5.55, 'search_time_s': 0.435}
without foveal protection {'cues': 2.0, 'ink_pct': 0.97, 'coverage': 0.938, 'flicker_per_s': 3.504, 'search_time_s': 0.464}
without uncertainty gate {'cues': 2.0, 'ink_pct': 0.972, 'coverage': 0.938, 'flicker_per_s': 3.566, 'search_time_s': 0.464}
without ink and cue budget {'cues': 2.042, 'ink_pct': 1.001, 'coverage': 0.938, 'flicker_per_s': 3.38, 'search_time_s': 0.467}
low threshold, r_on = 0.12 {'cues': 3.513, 'ink_pct': 1.207, 'coverage': 0.885, 'flicker_per_s': 8.31, 'search_time_s': 0.558}
low threshold, no budget {'cues': 3.93, 'ink_pct': 1.411, 'coverage': 0.982, 'flicker_per_s': 8.031, 'search_time_s': 0.578}
